// Vitest Snapshot v1, https://vitest.dev/guide/snapshot.html

exports[`Baselines component > submits the baseline payload and renders artifacts 1`] = `
<div>
  <section
    class="baselines"
  >
    <header
      class="baselines__header"
    >
      <div>
        <h2>
          Baselines
        </h2>
        <p
          class="baselines__subtitle"
        >
          Configure and launch reference scans across classic statistical models. Results persist between runs so you can iterate.
        </p>
      </div>
      <div
        class="baselines__header-actions"
      >
        <button
          aria-label="Show baseline model tips"
          class="baselines__tips-button"
          type="button"
        >
          Model tips
        </button>
      </div>
    </header>
    <form
      aria-label="Baseline configuration"
      class="baselines__form"
    >
      <fieldset
        class="baselines__fieldset"
      >
        <div
          class="baselines__form-grid"
        >
          <label
            class="baselines__field"
          >
            <span
              class="baselines__field-label"
            >
              Model
            </span>
            <select>
              <option
                value="ising"
              >
                Ising
              </option>
              <option
                value="kuramoto"
              >
                Kuramoto
              </option>
              <option
                value="percolation"
              >
                Percolation
              </option>
              <option
                value="sis"
              >
                SIS (preview)
              </option>
            </select>
          </label>
          <label
            class="baselines__field"
          >
            <span
              class="baselines__field-label"
            >
              Graph kind
            </span>
            <input
              placeholder="lattice_2d"
              type="text"
              value="lattice_2d"
            />
          </label>
          <label
            class="baselines__field"
          >
            <span
              class="baselines__field-label"
            >
              Graph rows
            </span>
            <input
              inputmode="numeric"
              type="number"
              value="16"
            />
          </label>
          <label
            class="baselines__field"
          >
            <span
              class="baselines__field-label"
            >
              Graph cols
            </span>
            <input
              inputmode="numeric"
              type="number"
              value="16"
            />
          </label>
          <label
            class="baselines__field baselines__field--wide"
          >
            <span
              class="baselines__field-label"
            >
              Graph params
            </span>
            <textarea
              placeholder="n=32,degree=3"
              rows="2"
            />
          </label>
          <label
            class="baselines__field"
          >
            <span
              class="baselines__field-label"
            >
              Axis A
            </span>
            <input
              placeholder="T"
              type="text"
              value="T"
            />
          </label>
          <label
            class="baselines__field"
          >
            <span
              class="baselines__field-label"
            >
              Axis B
            </span>
            <input
              placeholder="h"
              type="text"
              value="h"
            />
          </label>
          <div
            class="baselines__field-group"
          >
            <span
              class="baselines__field-label"
            >
              Axis A range
            </span>
            <div
              class="baselines__field-pair"
            >
              <input
                placeholder="start"
                type="text"
                value="1.0"
              />
              <input
                placeholder="end"
                type="text"
                value="4.0"
              />
            </div>
          </div>
          <div
            class="baselines__field-group"
          >
            <span
              class="baselines__field-label"
            >
              Axis B range
            </span>
            <div
              class="baselines__field-pair"
            >
              <input
                placeholder="start"
                type="text"
                value="-0.3"
              />
              <input
                placeholder="end"
                type="text"
                value="0.3"
              />
            </div>
          </div>
          <div
            class="baselines__field-group"
          >
            <span
              class="baselines__field-label"
            >
              Grid size
            </span>
            <div
              class="baselines__field-pair"
            >
              <input
                inputmode="numeric"
                placeholder="rows"
                type="number"
                value="25"
              />
              <input
                inputmode="numeric"
                placeholder="cols"
                type="number"
                value="25"
              />
            </div>
          </div>
          <label
            class="baselines__field"
          >
            <span
              class="baselines__field-label"
            >
              Steps
            </span>
            <input
              inputmode="numeric"
              placeholder="200"
              type="number"
              value="200"
            />
          </label>
          <label
            class="baselines__field"
          >
            <span
              class="baselines__field-label"
            >
              Seed
            </span>
            <input
              inputmode="numeric"
              placeholder="42"
              type="number"
              value="42"
            />
          </label>
          <label
            class="baselines__field"
          >
            <span
              class="baselines__field-label"
            >
              Top K
            </span>
            <input
              inputmode="numeric"
              min="1"
              type="number"
              value="10"
            />
          </label>
          <label
            class="baselines__field"
          >
            <span
              class="baselines__field-label"
            >
              FS guard threshold
            </span>
            <input
              placeholder="e.g. 0.9"
              type="text"
              value=""
            />
          </label>
          <label
            class="baselines__checkbox"
          >
            <input
              checked=""
              type="checkbox"
            />
            <span>
              Map axes to CWT defaults
            </span>
          </label>
          <label
            class="baselines__checkbox"
          >
            <input
              checked=""
              type="checkbox"
            />
            <span>
              Enable loop analysis
            </span>
          </label>
          <label
            class="baselines__field baselines__field--compact"
          >
            <span
              class="baselines__field-label"
            >
              Loop Top K
            </span>
            <input
              inputmode="numeric"
              min="1"
              type="number"
              value="3"
            />
          </label>
          <label
            class="baselines__field baselines__field--compact"
          >
            <span
              class="baselines__field-label"
            >
              Loop Δ scale
            </span>
            <input
              type="text"
              value="1.0"
            />
          </label>
        </div>
      </fieldset>
      <footer
        class="baselines__actions"
      >
        <button
          class="baselines__submit"
          type="submit"
        >
          Run baseline
        </button>
        <div
          class="baselines__meta"
        >
          <span>
            Steps: 
            200
          </span>
          <span>
            Seed: 
            42
          </span>
          <span>
            Axis map: linked
          </span>
        </div>
      </footer>
    </form>
    <section
      aria-live="polite"
      class="baselines__status"
    >
      <p
        class="baselines__status-message"
      >
        Baseline run completed successfully.
      </p>
    </section>
    <section
      aria-label="Baseline run output"
      class="baselines__log"
    >
      <header
        class="baselines__log-header"
      >
        <h3>
          Run output
        </h3>
      </header>
      <pre
        class="baselines__log-body"
        data-running="false"
      >
        No output yet.
      </pre>
    </section>
    <section
      aria-live="polite"
      class="baselines__results"
    >
      <header
        class="baselines__results-header"
      >
        <h3>
          Results
        </h3>
        <span
          class="baselines__badge"
          role="status"
        >
          ✅ Aligned with theory
        </span>
      </header>
      <div
        class="baselines__results-grid"
      >
        <figure
          aria-label="Omega heatmap"
          class="baselines__heatmap"
        >
          <img
            alt="Baseline heatmap"
            src="file:///tmp/baselines/run-1/omega_abs_heatmap.png"
          />
          <figcaption>
            |Ω| heatmap · saved under 
            <code>
              /tmp/baselines/run-1
            </code>
          </figcaption>
        </figure>
        <div
          class="baselines__topk"
        >
          <header>
            <h4>
              Top 
              1
               tiles
            </h4>
          </header>
          <div
            class="baselines__table-wrapper"
          >
            <table>
              <thead>
                <tr>
                  <th
                    scope="col"
                  >
                    Coordinates
                  </th>
                  <th
                    scope="col"
                  >
                    |Ω|
                  </th>
                  <th
                    scope="col"
                  >
                    M̄
                  </th>
                  <th
                    scope="col"
                  >
                    |M|̄
                  </th>
                  <th
                    scope="col"
                  >
                    χ̂
                  </th>
                  <th
                    scope="col"
                  >
                    Energy density
                  </th>
                  <th
                    scope="col"
                  >
                    Ĉ
                  </th>
                </tr>
              </thead>
              <tbody>
                <tr>
                  <td>
                    T=2, h=0.1
                  </td>
                  <td>
                    0.42
                  </td>
                  <td>
                    —
                  </td>
                  <td>
                    —
                  </td>
                  <td>
                    —
                  </td>
                  <td>
                    —
                  </td>
                  <td>
                    —
                  </td>
                </tr>
              </tbody>
            </table>
          </div>
        </div>
        <div
          class="baselines__loops"
        >
          <header>
            <h4>
              Loop analysis
            </h4>
          </header>
          <div
            class="baselines__loop-grid"
          >
            <article
              class="baselines__loop baselines__loop--trusted"
            >
              <header
                class="baselines__loop-header"
              >
                <h5>
                  Tile [0, 1]
                </h5>
                <span
                  class="baselines__loop-flag"
                >
                  Theory aligned
                </span>
              </header>
              <dl
                class="baselines__loop-metrics"
              >
                <div>
                  <dt>
                    |Ω|
                  </dt>
                  <dd>
                    0.36
                  </dd>
                </div>
                <div>
                  <dt>
                    Loop area
                  </dt>
                  <dd>
                    1.25
                  </dd>
                </div>
                <div>
                  <dt>
                    Center Ω
                  </dt>
                  <dd>
                    0.5
                  </dd>
                </div>
                <div>
                  <dt>
                    M̄
                  </dt>
                  <dd>
                    0.2
                  </dd>
                </div>
                <div>
                  <dt>
                    Center
                  </dt>
                  <dd>
                    T=2, h=0.1
                  </dd>
                </div>
                <div>
                  <dt>
                    |φ|
                  </dt>
                  <dd>
                    0.35
                  </dd>
                </div>
              </dl>
            </article>
          </div>
        </div>
      </div>
    </section>
  </section>
</div>
`;
